[sumitauto.codedesign.app/index.html]
[backblue.gif]
[fade.gif]
[index.html]
[sumitauto.codedesign.app/_next/static/css/a916cb54997d3c2d.css]
[sumitauto.codedesign.app/_next/static/chunks/polyfills-a40ef1678bae11e696dba45124eadd70.js]
[sumitauto.codedesign.app/_next/static/chunks/webpack-953ad915444e343f.js]
[sumitauto.codedesign.app/_next/static/chunks/main-cdea4baeaba177b1.js]
[sumitauto.codedesign.app/_next/static/chunks/framework-acb9ef830b9b8407.js]
[sumitauto.codedesign.app/_next/static/chunks/pages/_app-e21b45a9ad1eb435.js]
[sumitauto.codedesign.app/_next/static/chunks/pages/[[...slug]]-db1b4a2b49ac863a.js]
[sumitauto.codedesign.app/_next/static/ngQIDTtYTocWleUWPQGqZ/_buildManifest.js]
[sumitauto.codedesign.app/_next/static/ngQIDTtYTocWleUWPQGqZ/_ssgManifest.js]
[sumitauto.codedesign.app/_next/static/ngQIDTtYTocWleUWPQGqZ/_middlewareManifest.js]
[sumitauto.codedesign.app/about.html]
[sumitauto.codedesign.app/service.html]
[sumitauto.codedesign.app/index.html]
[sumitauto.codedesign.app/_next/static/css/a916cb54997d3c2d.css]
[sumitauto.codedesign.app/about.html]
[sumitauto.codedesign.app/service.html]
[sumitauto.codedesign.app/contact.html]
[sumitauto.codedesign.app/contact.html]
